// Jest Snapshot v1, https://goo.gl/fbAQLP

exports[`OrderDetails Component matches the snapshot when no orderDetails are provided 1`] = `
<DocumentFragment>
  Order not found.
</DocumentFragment>
`;

exports[`OrderDetails Component matches the snapshot when orderDetails are provided 1`] = `
<DocumentFragment>
  <h2
    class="text-2xl font-semibold text-gray-800 mb-4"
  >
    Order Summary
  </h2>
  <div
    class="space-y-4 mb-8"
  >
    <div
      class="flex justify-between"
    >
      <span
        class="font-semibold text-gray-600"
      >
        Order ID:
      </span>
      <span
        class="text-gray-800"
      >
        12345
      </span>
    </div>
    <div
      class="flex justify-between"
    >
      <span
        class="font-semibold text-gray-600"
      >
        Customer Name:
      </span>
      <span
        class="text-gray-800"
      >
        John Doe
      </span>
    </div>
    <div
      class="flex justify-between"
    >
      <span
        class="font-semibold text-gray-600"
      >
        City:
      </span>
      <span
        class="text-gray-800"
      >
        New York
      </span>
    </div>
    <div
      class="flex justify-between"
    >
      <span
        class="font-semibold text-gray-600"
      >
        Province/State:
      </span>
      <span
        class="text-gray-800"
      >
        NY
      </span>
    </div>
    <div
      class="flex justify-between"
    >
      <span
        class="font-semibold text-gray-600"
      >
        Country:
      </span>
      <span
        class="text-gray-800"
      >
        USA
      </span>
    </div>
    <div
      class="flex justify-between"
    >
      <span
        class="font-semibold text-gray-600"
      >
        Number of Drinks:
      </span>
      <span
        class="text-gray-800"
      >
        3
      </span>
    </div>
  </div>
  <a
    class="text-blue-600"
    href="/"
  >
    Go back to order form &gt;
  </a>
</DocumentFragment>
`;
