// Jest Snapshot v1, https://goo.gl/fbAQLP

exports[`OrderForm Component matches snapshot 1`] = `
<DocumentFragment>
  <h5
    class="font-semibold text-gray-800 mb-4"
  >
    Order Your Spicy Manhattans!
  </h5>
  <form
    aria-label="form"
  >
    <div
      class="space-y-4"
    >
      <div
        class="flex gap-4"
      >
        <div
          class="flex flex-col"
        >
          <label
            class="block text-sm/6 font-medium text-gray-900"
            data-testid="LabelInputLabel-customerName"
            for="customerName"
          >
            Name
          </label>
          <div
            class="mt-2"
          >
            <div
              class="flex items-center rounded-md bg-white pl-3 outline outline-1 -outline-offset-1 outline-gray-300 focus-within:outline focus-within:outline-2 focus-within:-outline-offset-2 focus-within:outline-indigo-600"
            >
              <input
                class="block min-w-0 grow py-1.5 pl-1 pr-3 text-base text-gray-900 placeholder:text-gray-400 focus:outline focus:outline-0 sm:text-sm/6"
                data-testid="LabelInputInput-customerName"
                id="customerName"
                name="customerName"
                type="text"
              />
            </div>
          </div>
        </div>
        <div
          class="flex flex-col"
        >
          <label
            class="block text-sm/6 font-medium text-gray-900"
            data-testid="LabelInputLabel-numberOfDrinks"
            for="numberOfDrinks"
          >
            Number of Drinks
          </label>
          <div
            class="mt-2"
          >
            <div
              class="flex items-center rounded-md bg-white pl-3 outline outline-1 -outline-offset-1 outline-gray-300 focus-within:outline focus-within:outline-2 focus-within:-outline-offset-2 focus-within:outline-indigo-600"
            >
              <input
                class="block min-w-0 grow py-1.5 pl-1 pr-3 text-base text-gray-900 placeholder:text-gray-400 focus:outline focus:outline-0 sm:text-sm/6"
                data-testid="LabelInputInput-numberOfDrinks"
                id="numberOfDrinks"
                name="numberOfDrinks"
                type="number"
              />
            </div>
          </div>
        </div>
      </div>
      <div
        class="flex gap-4"
      >
        <div
          class="flex flex-col"
        >
          <label
            class="block text-sm/6 font-medium text-gray-900"
            data-testid="LabelInputLabel-city"
            for="city"
          >
            City*
          </label>
          <div
            class="mt-2"
          >
            <div
              class="flex items-center rounded-md bg-white pl-3 outline outline-1 -outline-offset-1 outline-gray-300 focus-within:outline focus-within:outline-2 focus-within:-outline-offset-2 focus-within:outline-indigo-600"
            >
              <input
                class="block min-w-0 grow py-1.5 pl-1 pr-3 text-base text-gray-900 placeholder:text-gray-400 focus:outline focus:outline-0 sm:text-sm/6"
                data-testid="LabelInputInput-city"
                id="city"
                name="city"
                type="text"
              />
            </div>
          </div>
        </div>
        <div
          class="flex flex-col"
        >
          <label
            class="block text-sm/6 font-medium text-gray-900"
            data-testid="LabelSelectLabel-country"
            for="country"
          >
            Country*
          </label>
          <div
            class="mt-2 grid grid-cols-1"
          >
            <select
              class="col-start-1 row-start-1 w-full appearance-none rounded-md bg-white py-1.5 pl-3 pr-8 text-base text-gray-900 outline outline-1 -outline-offset-1 outline-gray-300 focus:outline focus:outline-2 focus:-outline-offset-2 focus:outline-indigo-600 sm:text-sm/6"
              data-testid="LabelSelectSelect-country"
              id="country"
              name="country"
            >
              <option
                value=""
              >
                Select a Country
              </option>
              <option
                value="CA"
              >
                Canada
              </option>
              <option
                value="US"
              >
                United States
              </option>
            </select>
          </div>
        </div>
        <div
          class="flex flex-col"
        >
          <label
            class="block text-sm/6 font-medium text-gray-900"
            data-testid="LabelSelectLabel-provinceState"
            for="provinceState"
          >
            Province / State*
          </label>
          <div
            class="mt-2 grid grid-cols-1"
          >
            <select
              class="col-start-1 row-start-1 w-full appearance-none rounded-md bg-white py-1.5 pl-3 pr-8 text-base text-gray-900 outline outline-1 -outline-offset-1 outline-gray-300 focus:outline focus:outline-2 focus:-outline-offset-2 focus:outline-indigo-600 sm:text-sm/6"
              data-testid="LabelSelectSelect-provinceState"
              id="provinceState"
              name="provinceState"
            >
              <option
                value=""
              >
                Select a Province / State
              </option>
              <optgroup
                data-testid="ProvinceStateSelect-Provinces"
                label="Provinces"
              >
                <option
                  value="AB"
                >
                  Alberta
                </option>
                <option
                  value="BC"
                >
                  British Columbia
                </option>
                <option
                  value="MB"
                >
                  Manitoba
                </option>
                <option
                  value="NB"
                >
                  New Brunswick
                </option>
                <option
                  value="NF"
                >
                  Newfoundland
                </option>
                <option
                  value="NT"
                >
                  Northwest Territories
                </option>
                <option
                  value="NS"
                >
                  Nova Scotia
                </option>
                <option
                  value="NU"
                >
                  Nunavut
                </option>
                <option
                  value="ON"
                >
                  Ontario
                </option>
                <option
                  value="PE"
                >
                  Prince Edward Island
                </option>
                <option
                  value="QC"
                >
                  Quebec
                </option>
                <option
                  value="SK"
                >
                  Saskatchewan
                </option>
                <option
                  value="YT"
                >
                  Yukon Territory
                </option>
              </optgroup>
              <optgroup
                data-testid="ProvinceStateSelect-States"
                label="States"
              >
                <option
                  value="AK"
                >
                  Alaska
                </option>
                <option
                  value="AL"
                >
                  Alabama
                </option>
                <option
                  value="AR"
                >
                  Arkansas
                </option>
                <option
                  value="AZ"
                >
                  Arizona
                </option>
                <option
                  value="CA"
                >
                  California
                </option>
                <option
                  value="CO"
                >
                  Colorado
                </option>
                <option
                  value="CT"
                >
                  Connecticut
                </option>
                <option
                  value="DC"
                >
                  District of Columbia
                </option>
                <option
                  value="DE"
                >
                  Delaware
                </option>
                <option
                  value="FL"
                >
                  Florida
                </option>
                <option
                  value="GA"
                >
                  Georgia
                </option>
                <option
                  value="HI"
                >
                  Hawaii
                </option>
                <option
                  value="IA"
                >
                  Iowa
                </option>
                <option
                  value="ID"
                >
                  Idaho
                </option>
                <option
                  value="IL"
                >
                  Illinois
                </option>
                <option
                  value="IN"
                >
                  Indiana
                </option>
                <option
                  value="KS"
                >
                  Kansas
                </option>
                <option
                  value="KY"
                >
                  Kentucky
                </option>
                <option
                  value="LA"
                >
                  Louisiana
                </option>
                <option
                  value="MA"
                >
                  Massachusetts
                </option>
                <option
                  value="MD"
                >
                  Maryland
                </option>
                <option
                  value="ME"
                >
                  Maine
                </option>
                <option
                  value="MI"
                >
                  Michigan
                </option>
                <option
                  value="MN"
                >
                  Minnesota
                </option>
                <option
                  value="MO"
                >
                  Missouri
                </option>
                <option
                  value="MS"
                >
                  Mississippi
                </option>
                <option
                  value="MT"
                >
                  Montana
                </option>
                <option
                  value="NC"
                >
                  North Carolina
                </option>
                <option
                  value="ND"
                >
                  North Dakota
                </option>
                <option
                  value="NE"
                >
                  Nebraska
                </option>
                <option
                  value="NH"
                >
                  New Hampshire
                </option>
                <option
                  value="NJ"
                >
                  New Jersey
                </option>
                <option
                  value="NM"
                >
                  New Mexico
                </option>
                <option
                  value="NV"
                >
                  Nevada
                </option>
                <option
                  value="NY"
                >
                  New York
                </option>
                <option
                  value="OH"
                >
                  Ohio
                </option>
                <option
                  value="OK"
                >
                  Oklahoma
                </option>
                <option
                  value="OR"
                >
                  Oregon
                </option>
                <option
                  value="PA"
                >
                  Pennsylvania
                </option>
                <option
                  value="PR"
                >
                  Puerto Rico
                </option>
                <option
                  value="RI"
                >
                  Rhode Island
                </option>
                <option
                  value="SC"
                >
                  South Carolina
                </option>
                <option
                  value="SD"
                >
                  South Dakota
                </option>
                <option
                  value="TN"
                >
                  Tennessee
                </option>
                <option
                  value="TX"
                >
                  Texas
                </option>
                <option
                  value="UT"
                >
                  Utah
                </option>
                <option
                  value="VA"
                >
                  Virginia
                </option>
                <option
                  value="VT"
                >
                  Vermont
                </option>
                <option
                  value="WA"
                >
                  Washington
                </option>
                <option
                  value="WI"
                >
                  Wisconsin
                </option>
                <option
                  value="WV"
                >
                  West Virginia
                </option>
                <option
                  value="WY"
                >
                  Wyoming
                </option>
              </optgroup>
            </select>
          </div>
        </div>
      </div>
      <section
        aria-live="polite"
      />
      <div
        class="flex"
      >
        <button
          class="rounded-md bg-indigo-600 px-3 py-2 text-sm font-semibold text-white shadow-sm hover:bg-indigo-500 focus-visible:outline focus-visible:outline-2 focus-visible:outline-offset-2 focus-visible:outline-indigo-600"
          type="submit"
        >
          Get Your Drinks!
        </button>
      </div>
    </div>
  </form>
</DocumentFragment>
`;
